[master 724841a] Update GitBook
 20 files changed, 131 insertions(+), 1 deletion(-)
 create mode 100644 1102038746708312184_Alexio-CL.md
 create mode 100644 1102038748088246354_Alexio-CL.md
 create mode 100644 1102038749711450122_Alexio-CL.md
 create mode 100644 1102038751527567381_Alexio-CL.md
 create mode 100644 1102038752957837322_Alexio-CL.md
 create mode 100644 1102038754459398165_Alexio-CL.md
 create mode 100644 1102038756225192057_Alexio-CL.md
 create mode 100644 1102038757835812985_Alexio-CL.md
 create mode 100644 1102038762395025479_Alexio-CL.md
 create mode 100644 1102042427923111956_Alexio-CL.md
 create mode 100644 1102042429890244709_Alexio-CL.md
 create mode 100644 1102042431802851338_Alexio-CL.md
 create mode 100644 1102042433673494569_Alexio-CL.md
 create mode 100644 1102042435875524638_Alexio-CL.md
 create mode 100644 1102042437528059947_Alexio-CL.md
 create mode 100644 1102042439994322954_Alexio-CL.md
 create mode 100644 1102042442754179133_Alexio-CL.md
 create mode 100644 1102042445602107443_Alexio-CL.md
 rename push-to-gitbook.sh => changelogs.sh (92%)
 create mode 100644 test.log
[master 8be8cac] Update GitBook
 1 file changed, 22 insertions(+)
[master c9a4f7a] Update GitBook
 36 files changed, 247 insertions(+)
 create mode 100644 1102047017456390154_Alexio-CL.md
 create mode 100644 1102047019306078339_Alexio-CL.md
 create mode 100644 1102047021260603473_Alexio-CL.md
 create mode 100644 1102047022657314919_Alexio-CL.md
 create mode 100644 1102047025975005274_Alexio-CL.md
 create mode 100644 1102047029544366100_Alexio-CL.md
 create mode 100644 1102047030718775456_Alexio-CL.md
 create mode 100644 1102047031863812177_Alexio-CL.md
 create mode 100644 1102047034292318248_Alexio-CL.md
 create mode 100644 1102047035777101956_Alexio-CL.md
 create mode 100644 1102047038067200121_Alexio-CL.md
 create mode 100644 1102047040885760110_Alexio-CL.md
 create mode 100644 1102047042550902876_Alexio-CL.md
 create mode 100644 1102047045050712166_Alexio-CL.md
 create mode 100644 1102047046933938278_Alexio-CL.md
 create mode 100644 1102047049752514669_Alexio-CL.md
 create mode 100644 1102047051715465226_Alexio-CL.md
 create mode 100644 1102047053682593873_Alexio-CL.md
 create mode 100644 1102047056769593445_Alexio-CL.md
 create mode 100644 1102047058698969099_Alexio-CL.md
 create mode 100644 1102047061085519903_Alexio-CL.md
 create mode 100644 1102047063224627273_Alexio-CL.md
 create mode 100644 1102047065405653056_Alexio-CL.md
 create mode 100644 1102047100310655056_Alexio-CL.md
 create mode 100644 1102047105037651988_Alexio-CL.md
 create mode 100644 1102047106702790656_Alexio-CL.md
 create mode 100644 1102047108070129695_Alexio-CL.md
 create mode 100644 1102047109747838987_Alexio-CL.md
 create mode 100644 1102047111719161916_Alexio-CL.md
 create mode 100644 1102047113120059572_Alexio-CL.md
 create mode 100644 1102047114785214496_Alexio-CL.md
 create mode 100644 1102047116651679794_Alexio-CL.md
 create mode 100644 1102047117612171265_Alexio-CL.md
 create mode 100644 1102047121215078470_Alexio-CL.md
 create mode 100644 1102047124176253050_Alexio-CL.md
[master 73b088e] Update GitBook
 1 file changed, 37 insertions(+)
On branch master
nothing to commit, working tree clean
On branch master
nothing to commit, working tree clean
[master 7627830] Update GitBook
 1 file changed, 2 insertions(+)
On branch master
nothing to commit, working tree clean
[master f85212f] Update GitBook
 1 file changed, 2 insertions(+)
[master 23b75d8] Update GitBook
 1 file changed, 2 insertions(+)
[master d241ddb] Update GitBook
 8 files changed, 51 insertions(+)
 create mode 100644 1102049039094128671_Alexio-CL.md
 create mode 100644 1102049041866571887_Alexio-CL.md
 create mode 100644 1102049043280052305_Alexio-CL.md
 create mode 100644 1102049044689330196_Alexio-CL.md
 create mode 100644 1102049046312534066_Alexio-CL.md
 create mode 100644 1102049048061563051_Alexio-CL.md
 create mode 100644 1102049049219174481_Alexio-CL.md
[master 4a8691e] Update GitBook
 65 files changed, 9 insertions(+), 449 deletions(-)
 delete mode 100644 1102036065637904426_Alexio-CL.md
 delete mode 100644 1102036067672137748_Alexio-CL.md
 delete mode 100644 1102036073443491850_Alexio-CL.md
 delete mode 100644 1102037246800040057_Alexio-CL.md
 delete mode 100644 1102038746708312184_Alexio-CL.md
 delete mode 100644 1102038748088246354_Alexio-CL.md
 delete mode 100644 1102038749711450122_Alexio-CL.md
 delete mode 100644 1102038751527567381_Alexio-CL.md
 delete mode 100644 1102038752957837322_Alexio-CL.md
 delete mode 100644 1102038754459398165_Alexio-CL.md
 delete mode 100644 1102038756225192057_Alexio-CL.md
 delete mode 100644 1102038757835812985_Alexio-CL.md
 delete mode 100644 1102038762395025479_Alexio-CL.md
 delete mode 100644 1102042427923111956_Alexio-CL.md
 delete mode 100644 1102042429890244709_Alexio-CL.md
 delete mode 100644 1102042431802851338_Alexio-CL.md
 delete mode 100644 1102042433673494569_Alexio-CL.md
 delete mode 100644 1102042435875524638_Alexio-CL.md
 delete mode 100644 1102042437528059947_Alexio-CL.md
 delete mode 100644 1102042439994322954_Alexio-CL.md
 delete mode 100644 1102042442754179133_Alexio-CL.md
 delete mode 100644 1102042445602107443_Alexio-CL.md
 delete mode 100644 1102047017456390154_Alexio-CL.md
 delete mode 100644 1102047019306078339_Alexio-CL.md
 delete mode 100644 1102047021260603473_Alexio-CL.md
 delete mode 100644 1102047022657314919_Alexio-CL.md
 delete mode 100644 1102047025975005274_Alexio-CL.md
 delete mode 100644 1102047029544366100_Alexio-CL.md
 delete mode 100644 1102047030718775456_Alexio-CL.md
 delete mode 100644 1102047031863812177_Alexio-CL.md
 delete mode 100644 1102047034292318248_Alexio-CL.md
 delete mode 100644 1102047035777101956_Alexio-CL.md
 delete mode 100644 1102047038067200121_Alexio-CL.md
 delete mode 100644 1102047040885760110_Alexio-CL.md
 delete mode 100644 1102047042550902876_Alexio-CL.md
 delete mode 100644 1102047045050712166_Alexio-CL.md
 delete mode 100644 1102047046933938278_Alexio-CL.md
 delete mode 100644 1102047049752514669_Alexio-CL.md
 delete mode 100644 1102047051715465226_Alexio-CL.md
 delete mode 100644 1102047053682593873_Alexio-CL.md
 delete mode 100644 1102047056769593445_Alexio-CL.md
 delete mode 100644 1102047058698969099_Alexio-CL.md
 delete mode 100644 1102047061085519903_Alexio-CL.md
 delete mode 100644 1102047063224627273_Alexio-CL.md
 delete mode 100644 1102047065405653056_Alexio-CL.md
 delete mode 100644 1102047100310655056_Alexio-CL.md
 delete mode 100644 1102047105037651988_Alexio-CL.md
 delete mode 100644 1102047106702790656_Alexio-CL.md
 delete mode 100644 1102047108070129695_Alexio-CL.md
 delete mode 100644 1102047109747838987_Alexio-CL.md
 delete mode 100644 1102047111719161916_Alexio-CL.md
 delete mode 100644 1102047113120059572_Alexio-CL.md
 delete mode 100644 1102047114785214496_Alexio-CL.md
 delete mode 100644 1102047116651679794_Alexio-CL.md
 delete mode 100644 1102047117612171265_Alexio-CL.md
 delete mode 100644 1102047121215078470_Alexio-CL.md
 delete mode 100644 1102047124176253050_Alexio-CL.md
 delete mode 100644 1102049039094128671_Alexio-CL.md
 delete mode 100644 1102049041866571887_Alexio-CL.md
 delete mode 100644 1102049043280052305_Alexio-CL.md
 delete mode 100644 1102049044689330196_Alexio-CL.md
 delete mode 100644 1102049046312534066_Alexio-CL.md
 delete mode 100644 1102049048061563051_Alexio-CL.md
 delete mode 100644 1102049049219174481_Alexio-CL.md
